Archive member included to satisfy reference by file (symbol)

/opt/gcc-arm-none-eabi-9-2020-q2-update/bin/../lib/gcc/arm-none-eabi/9.3.1/thumb/v7e-m/nofp/libgcc.a(_aeabi_uldivmod.o)
                              ./system/src/stm32f4-hal/stm32f4xx_hal_rcc.o (__aeabi_uldivmod)
/opt/gcc-arm-none-eabi-9-2020-q2-update/bin/../lib/gcc/arm-none-eabi/9.3.1/thumb/v7e-m/nofp/libgcc.a(_udivmoddi4.o)
                              /opt/gcc-arm-none-eabi-9-2020-q2-update/bin/../lib/gcc/arm-none-eabi/9.3.1/thumb/v7e-m/nofp/libgcc.a(_aeabi_uldivmod.o) (__udivmoddi4)
/opt/gcc-arm-none-eabi-9-2020-q2-update/bin/../lib/gcc/arm-none-eabi/9.3.1/thumb/v7e-m/nofp/libgcc.a(_dvmd_tls.o)
                              /opt/gcc-arm-none-eabi-9-2020-q2-update/bin/../lib/gcc/arm-none-eabi/9.3.1/thumb/v7e-m/nofp/libgcc.a(_aeabi_uldivmod.o) (__aeabi_ldiv0)
/opt/gcc-arm-none-eabi-9-2020-q2-update/bin/../lib/gcc/arm-none-eabi/9.3.1/../../../../arm-none-eabi/lib/thumb/v7e-m/nofp/libg_nano.a(lib_a-errno.o)
                              ./system/src/newlib/sbrk.o (__errno)
/opt/gcc-arm-none-eabi-9-2020-q2-update/bin/../lib/gcc/arm-none-eabi/9.3.1/../../../../arm-none-eabi/lib/thumb/v7e-m/nofp/libg_nano.a(lib_a-impure.o)
                              /opt/gcc-arm-none-eabi-9-2020-q2-update/bin/../lib/gcc/arm-none-eabi/9.3.1/../../../../arm-none-eabi/lib/thumb/v7e-m/nofp/libg_nano.a(lib_a-errno.o) (_impure_ptr)
/opt/gcc-arm-none-eabi-9-2020-q2-update/bin/../lib/gcc/arm-none-eabi/9.3.1/../../../../arm-none-eabi/lib/thumb/v7e-m/nofp/libg_nano.a(lib_a-strlen.o)
                              ./system/src/diag/trace.o (strlen)
/opt/gcc-arm-none-eabi-9-2020-q2-update/bin/../lib/gcc/arm-none-eabi/9.3.1/../../../../arm-none-eabi/lib/thumb/v7e-m/nofp/libg_nano.a(lib_a-vsnprintf.o)
                              ./system/src/diag/trace.o (vsnprintf)
/opt/gcc-arm-none-eabi-9-2020-q2-update/bin/../lib/gcc/arm-none-eabi/9.3.1/../../../../arm-none-eabi/lib/thumb/v7e-m/nofp/libg_nano.a(lib_a-nano-svfprintf.o)
                              /opt/gcc-arm-none-eabi-9-2020-q2-update/bin/../lib/gcc/arm-none-eabi/9.3.1/../../../../arm-none-eabi/lib/thumb/v7e-m/nofp/libg_nano.a(lib_a-vsnprintf.o) (_svfprintf_r)
/opt/gcc-arm-none-eabi-9-2020-q2-update/bin/../lib/gcc/arm-none-eabi/9.3.1/../../../../arm-none-eabi/lib/thumb/v7e-m/nofp/libg_nano.a(lib_a-nano-vfprintf_i.o)
                              /opt/gcc-arm-none-eabi-9-2020-q2-update/bin/../lib/gcc/arm-none-eabi/9.3.1/../../../../arm-none-eabi/lib/thumb/v7e-m/nofp/libg_nano.a(lib_a-nano-svfprintf.o) (_printf_i)
/opt/gcc-arm-none-eabi-9-2020-q2-update/bin/../lib/gcc/arm-none-eabi/9.3.1/../../../../arm-none-eabi/lib/thumb/v7e-m/nofp/libg_nano.a(lib_a-memchr.o)
                              /opt/gcc-arm-none-eabi-9-2020-q2-update/bin/../lib/gcc/arm-none-eabi/9.3.1/../../../../arm-none-eabi/lib/thumb/v7e-m/nofp/libg_nano.a(lib_a-nano-svfprintf.o) (memchr)
/opt/gcc-arm-none-eabi-9-2020-q2-update/bin/../lib/gcc/arm-none-eabi/9.3.1/../../../../arm-none-eabi/lib/thumb/v7e-m/nofp/libg_nano.a(lib_a-memcpy-stub.o)
                              /opt/gcc-arm-none-eabi-9-2020-q2-update/bin/../lib/gcc/arm-none-eabi/9.3.1/../../../../arm-none-eabi/lib/thumb/v7e-m/nofp/libg_nano.a(lib_a-nano-svfprintf.o) (memcpy)
/opt/gcc-arm-none-eabi-9-2020-q2-update/bin/../lib/gcc/arm-none-eabi/9.3.1/../../../../arm-none-eabi/lib/thumb/v7e-m/nofp/libg_nano.a(lib_a-memmove.o)
                              /opt/gcc-arm-none-eabi-9-2020-q2-update/bin/../lib/gcc/arm-none-eabi/9.3.1/../../../../arm-none-eabi/lib/thumb/v7e-m/nofp/libg_nano.a(lib_a-nano-svfprintf.o) (memmove)
/opt/gcc-arm-none-eabi-9-2020-q2-update/bin/../lib/gcc/arm-none-eabi/9.3.1/../../../../arm-none-eabi/lib/thumb/v7e-m/nofp/libg_nano.a(lib_a-nano-freer.o)
                              /opt/gcc-arm-none-eabi-9-2020-q2-update/bin/../lib/gcc/arm-none-eabi/9.3.1/../../../../arm-none-eabi/lib/thumb/v7e-m/nofp/libg_nano.a(lib_a-nano-svfprintf.o) (_free_r)
/opt/gcc-arm-none-eabi-9-2020-q2-update/bin/../lib/gcc/arm-none-eabi/9.3.1/../../../../arm-none-eabi/lib/thumb/v7e-m/nofp/libg_nano.a(lib_a-nano-mallocr.o)
                              /opt/gcc-arm-none-eabi-9-2020-q2-update/bin/../lib/gcc/arm-none-eabi/9.3.1/../../../../arm-none-eabi/lib/thumb/v7e-m/nofp/libg_nano.a(lib_a-nano-svfprintf.o) (_malloc_r)
/opt/gcc-arm-none-eabi-9-2020-q2-update/bin/../lib/gcc/arm-none-eabi/9.3.1/../../../../arm-none-eabi/lib/thumb/v7e-m/nofp/libg_nano.a(lib_a-nano-reallocr.o)
                              /opt/gcc-arm-none-eabi-9-2020-q2-update/bin/../lib/gcc/arm-none-eabi/9.3.1/../../../../arm-none-eabi/lib/thumb/v7e-m/nofp/libg_nano.a(lib_a-nano-svfprintf.o) (_realloc_r)
/opt/gcc-arm-none-eabi-9-2020-q2-update/bin/../lib/gcc/arm-none-eabi/9.3.1/../../../../arm-none-eabi/lib/thumb/v7e-m/nofp/libg_nano.a(lib_a-sbrkr.o)
[...]
Memory Configuration

Name             Origin             Length             Attributes
RAM              0x0000000020000000 0x0000000000020000 xrw
CCMRAM           0x0000000010000000 0x0000000000010000 xrw
FLASH            0x0000000008000000 0x0000000000100000 xr
FLASHB1          0x0000000000000000 0x0000000000000000 xr
EXTMEMB0         0x0000000000000000 0x0000000000000000 xr
EXTMEMB1         0x0000000000000000 0x0000000000000000 xr
EXTMEMB2         0x0000000000000000 0x0000000000000000 xr
EXTMEMB3         0x0000000000000000 0x0000000000000000 xr
MEMORY_ARRAY     0x0000000020002000 0x0000000000000020 xrw
*default*        0x0000000000000000 0xffffffffffffffff

Linker script and memory map

LOAD ./system/src/stm32f4-hal/stm32f4xx_hal.o
LOAD ./system/src/stm32f4-hal/stm32f4xx_hal_cortex.o
LOAD ./system/src/stm32f4-hal/stm32f4xx_hal_flash.o
LOAD ./system/src/stm32f4-hal/stm32f4xx_hal_flash_ex.o
LOAD ./system/src/stm32f4-hal/stm32f4xx_hal_flash_ramfunc.o
LOAD ./system/src/stm32f4-hal/stm32f4xx_hal_gpio.o
LOAD ./system/src/stm32f4-hal/stm32f4xx_hal_iwdg.o
LOAD ./system/src/stm32f4-hal/stm32f4xx_hal_pwr.o
LOAD ./system/src/stm32f4-hal/stm32f4xx_hal_rcc.o
LOAD ./system/src/newlib/assert.o
LOAD ./system/src/newlib/cxx.o
LOAD ./system/src/newlib/exit.o
LOAD ./system/src/newlib/sbrk.o
LOAD ./system/src/newlib/startup.o
LOAD ./system/src/newlib/syscalls.o
LOAD ./system/src/diag/trace-impl.o
LOAD ./system/src/diag/trace.o
LOAD ./system/src/cortexm/exception-handlers.o
LOAD ./system/src/cortexm/initialize-hardware.o
LOAD ./system/src/cortexm/reset-hardware.o
LOAD ./system/src/cmsis/system_stm32f4xx.o
LOAD ./system/src/cmsis/vectors_stm32f407xx.o
LOAD ./src/initialize-hardware.o
LOAD ./src/led.o
LOAD ./src/main.o
LOAD ./src/stm32f4xx_hal_msp.o
LOAD ./src/timer.o
LOAD ./src/write.o
LOAD /opt/gcc-arm-none-eabi-9-2020-q2-update/bin/../lib/gcc/arm-none-eabi/9.3.1/../../../../arm-none-eabi/lib/thumb/v7e-m/nofp/libstdc++_nano.a
LOAD /opt/gcc-arm-none-eabi-9-2020-q2-update/bin/../lib/gcc/arm-none-eabi/9.3.1/../../../../arm-none-eabi/lib/thumb/v7e-m/nofp/libm.a
START GROUP
LOAD /opt/gcc-arm-none-eabi-9-2020-q2-update/bin/../lib/gcc/arm-none-eabi/9.3.1/thumb/v7e-m/nofp/libgcc.a
LOAD /opt/gcc-arm-none-eabi-9-2020-q2-update/bin/../lib/gcc/arm-none-eabi/9.3.1/../../../../arm-none-eabi/lib/thumb/v7e-m/nofp/libg_nano.a
LOAD /opt/gcc-arm-none-eabi-9-2020-q2-update/bin/../lib/gcc/arm-none-eabi/9.3.1/../../../../arm-none-eabi/lib/thumb/v7e-m/nofp/libc_nano.a
END GROUP
START GROUP
LOAD /opt/gcc-arm-none-eabi-9-2020-q2-update/bin/../lib/gcc/arm-none-eabi/9.3.1/thumb/v7e-m/nofp/libgcc.a
LOAD /opt/gcc-arm-none-eabi-9-2020-q2-update/bin/../lib/gcc/arm-none-eabi/9.3.1/../../../../arm-none-eabi/lib/thumb/v7e-m/nofp/libc_nano.a
END GROUP
                0x0000000020020000                __stack = (ORIGIN (RAM) + LENGTH (RAM))
                0x0000000020020000                _estack = __stack
                0x0000000000000400                __Main_Stack_Size = 0x400
                [!provide]                        PROVIDE (_Main_Stack_Size = __Main_Stack_Size)
                0x000000002001fc00                __Main_Stack_Limit = (__stack - __Main_Stack_Size)
                [!provide]                        PROVIDE (_Main_Stack_Limit = __Main_Stack_Limit)
                0x0000000000000100                _Minimum_Stack_Size = 0x100
                0x0000000020000170                PROVIDE (_Heap_Begin = _end_noinit)
                0x000000002001fc00                PROVIDE (_Heap_Limit = (__stack - __Main_Stack_Size))

.isr_vector     0x0000000008000000      0x3e8
 FILL mask 0xff
                0x0000000008000000                __vectors_start = ABSOLUTE (.)
                0x0000000008000000                __vectors_start__ = ABSOLUTE (.)
 *(.isr_vector)
 .isr_vector    0x0000000008000000      0x188 ./system/src/cmsis/vectors_stm32f407xx.o
                0x0000000008000000                __isr_vectors
 *(.cfmconfig)
 *(.after_vectors .after_vectors.*)
 .after_vectors
                0x0000000008000188      0x130 ./system/src/newlib/startup.o
                0x0000000008000188                _start
 .after_vectors
                0x00000000080002b8      0x12c ./system/src/cortexm/exception-handlers.o
                0x00000000080002b8                Reset_Handler
                0x00000000080002be                NMI_Handler
                0x00000000080002c2                HardFault_Handler
                0x00000000080002d6                HardFault_Handler_C
                0x0000000008000334                MemManage_Handler
                0x0000000008000338                BusFault_Handler
                0x000000000800034c                BusFault_Handler_C
                0x0000000008000380                UsageFault_Handler
                0x0000000008000394                UsageFault_Handler_C
                0x00000000080003c8                SVC_Handler
                0x00000000080003cc                DebugMon_Handler
                0x00000000080003d0                PendSV_Handler
 .after_vectors
                0x00000000080003e4        0x4 ./system/src/cmsis/vectors_stm32f407xx.o
                0x00000000080003e4                RTC_Alarm_IRQHandler
                0x00000000080003e4                HASH_RNG_IRQHandler
                0x00000000080003e4                EXTI2_IRQHandler
                0x00000000080003e4                TIM8_CC_IRQHandler
                0x00000000080003e4                TIM1_CC_IRQHandler
                0x00000000080003e4                DMA2_Stream5_IRQHandler
                0x00000000080003e4                DMA1_Stream5_IRQHandler
                0x00000000080003e4                PVD_IRQHandler
                0x00000000080003e4                SDIO_IRQHandler
                0x00000000080003e4                TAMP_STAMP_IRQHandler
                0x00000000080003e4                CAN2_RX1_IRQHandler
                0x00000000080003e4                EXTI3_IRQHandler
                0x00000000080003e4                TIM8_TRG_COM_TIM14_IRQHandler
                0x00000000080003e4                TIM1_UP_TIM10_IRQHandler
                0x00000000080003e4                TIM8_UP_TIM13_IRQHandler
                0x00000000080003e4                I2C3_ER_IRQHandler
                0x00000000080003e4                EXTI0_IRQHandler
                0x00000000080003e4                I2C2_EV_IRQHandler
                0x00000000080003e4                DMA1_Stream2_IRQHandler
                0x00000000080003e4                CAN1_RX0_IRQHandler
                0x00000000080003e4                FPU_IRQHandler
                0x00000000080003e4                OTG_HS_WKUP_IRQHandler
                0x00000000080003e4                CAN2_SCE_IRQHandler
                0x00000000080003e4                DMA2_Stream2_IRQHandler
                0x00000000080003e4                SPI1_IRQHandler
                0x00000000080003e4                TIM6_DAC_IRQHandler
                0x00000000080003e4                TIM1_BRK_TIM9_IRQHandler
                0x00000000080003e4                DCMI_IRQHandler
                0x00000000080003e4                CAN2_RX0_IRQHandler
                0x00000000080003e4                DMA2_Stream3_IRQHandler
                0x00000000080003e4                USART6_IRQHandler
                0x00000000080003e4                USART3_IRQHandler
                0x00000000080003e4                CAN1_RX1_IRQHandler
                0x00000000080003e4                UART5_IRQHandler
                0x00000000080003e4                DMA2_Stream0_IRQHandler
                0x00000000080003e4                TIM4_IRQHandler
                0x00000000080003e4                I2C1_EV_IRQHandler
                0x00000000080003e4                DMA1_Stream6_IRQHandler
                0x00000000080003e4                DMA1_Stream1_IRQHandler
                0x00000000080003e4                UART4_IRQHandler
                0x00000000080003e4                TIM3_IRQHandler
                0x00000000080003e4                RCC_IRQHandler
                0x00000000080003e4                TIM8_BRK_TIM12_IRQHandler
                0x00000000080003e4                Default_Handler
                0x00000000080003e4                EXTI15_10_IRQHandler
                0x00000000080003e4                ADC_IRQHandler
                0x00000000080003e4                DMA1_Stream7_IRQHandler
                0x00000000080003e4                TIM7_IRQHandler
                0x00000000080003e4                CAN2_TX_IRQHandler
                0x00000000080003e4                TIM5_IRQHandler
                0x00000000080003e4                DMA2_Stream7_IRQHandler
                0x00000000080003e4                I2C3_EV_IRQHandler
                0x00000000080003e4                EXTI9_5_IRQHandler
                0x00000000080003e4                RTC_WKUP_IRQHandler
                0x00000000080003e4                ETH_WKUP_IRQHandler
                0x00000000080003e4                SPI2_IRQHandler
                0x00000000080003e4                OTG_HS_EP1_IN_IRQHandler
                0x00000000080003e4                DMA1_Stream0_IRQHandler
                0x00000000080003e4                CAN1_TX_IRQHandler
                0x00000000080003e4                EXTI4_IRQHandler
                0x00000000080003e4                ETH_IRQHandler
                0x00000000080003e4                OTG_HS_EP1_OUT_IRQHandler
                0x00000000080003e4                WWDG_IRQHandler
                0x00000000080003e4                TIM2_IRQHandler
                0x00000000080003e4                OTG_FS_WKUP_IRQHandler
                0x00000000080003e4                TIM1_TRG_COM_TIM11_IRQHandler
                0x00000000080003e4                OTG_HS_IRQHandler
                0x00000000080003e4                EXTI1_IRQHandler
                0x00000000080003e4                USART2_IRQHandler
                0x00000000080003e4                I2C2_ER_IRQHandler
                0x00000000080003e4                DMA2_Stream1_IRQHandler
                0x00000000080003e4                CAN1_SCE_IRQHandler
                0x00000000080003e4                FLASH_IRQHandler
                0x00000000080003e4                DMA2_Stream4_IRQHandler
                0x00000000080003e4                USART1_IRQHandler
                0x00000000080003e4                OTG_FS_IRQHandler
                0x00000000080003e4                SPI3_IRQHandler
                0x00000000080003e4                DMA1_Stream4_IRQHandler
                0x00000000080003e4                I2C1_ER_IRQHandler
                0x00000000080003e4                FMC_IRQHandler
                0x00000000080003e4                DMA2_Stream6_IRQHandler
                0x00000000080003e4                DMA1_Stream3_IRQHandler

.inits          0x00000000080003e8       0x2c
                0x00000000080003e8                __data_regions_array_start = .
                0x00000000080003e8        0x4 LONG 0x8002608 LOADADDR (.data)
                0x00000000080003ec        0x4 LONG 0x20000000 ADDR (.data)
                0x00000000080003f0        0x4 LONG 0x20000080 (ADDR (.data) + SIZEOF (.data))
                0x00000000080003f4        0x4 LONG 0x8002608 LOADADDR (.data_CCMRAM)
                0x00000000080003f8        0x4 LONG 0x10000000 ADDR (.data_CCMRAM)
                0x00000000080003fc        0x4 LONG 0x10000000 (ADDR (.data_CCMRAM) + SIZEOF (.data_CCMRAM))
                0x0000000008000400                __data_regions_array_end = .
                0x0000000008000400                __bss_regions_array_start = .
                0x0000000008000400        0x4 LONG 0x20000080 ADDR (.bss)
                0x0000000008000404        0x4 LONG 0x20000170 (ADDR (.bss) + SIZEOF (.bss))
                0x0000000008000408        0x4 LONG 0x10000000 ADDR (.bss_CCMRAM)
                0x000000000800040c        0x4 LONG 0x10000000 (ADDR (.bss_CCMRAM) + SIZEOF (.bss_CCMRAM))
                0x0000000008000410                __bss_regions_array_end = .
 *(.init)
 *(.fini)
                0x0000000008000410                . = ALIGN (0x4)
                0x0000000008000410                PROVIDE (__preinit_array_start = .)
 *(.preinit_array_sysinit .preinit_array_sysinit.*)
 *(.preinit_array_platform .preinit_array_platform.*)
 *(.preinit_array .preinit_array.*)
                0x0000000008000410                PROVIDE (__preinit_array_end = .)
                0x0000000008000410                . = ALIGN (0x4)
                0x0000000008000410                PROVIDE (__init_array_start = .)
 *(SORT_BY_NAME(.init_array.*))
 *(.init_array)
 .init_array    0x0000000008000410        0x4 ./src/main.o
                0x0000000008000414                PROVIDE (__init_array_end = .)
                0x0000000008000414                . = ALIGN (0x4)
                0x0000000008000414                PROVIDE (__fini_array_start = .)
 *(SORT_BY_NAME(.fini_array.*))
 *(.fini_array)
                0x0000000008000414                PROVIDE (__fini_array_end = .)

.flashtext
 *(.flashtext .flashtext.*)

.text           0x0000000008000420     0x21de
 *(.text .text.*)
 .text.HAL_InitTick
                0x0000000008000420       0x4c ./system/src/stm32f4-hal/stm32f4xx_hal.o
                0x0000000008000420                HAL_InitTick
 .text.HAL_Init
                0x000000000800046c       0x34 ./system/src/stm32f4-hal/stm32f4xx_hal.o
                0x000000000800046c                HAL_Init
 .text.HAL_IncTick
                0x00000000080004a0       0x18 ./system/src/stm32f4-hal/stm32f4xx_hal.o
                0x00000000080004a0                HAL_IncTick
 .text.HAL_GetTick
                0x00000000080004b8        0xc ./system/src/stm32f4-hal/stm32f4xx_hal.o
                0x00000000080004b8                HAL_GetTick
 .text.HAL_NVIC_SetPriorityGrouping
                0x00000000080004c4       0x3c ./system/src/stm32f4-hal/stm32f4xx_hal_cortex.o
                0x00000000080004c4                HAL_NVIC_SetPriorityGrouping
 .text.HAL_NVIC_SetPriority
                0x0000000008000500       0x8c ./system/src/stm32f4-hal/stm32f4xx_hal_cortex.o
                0x0000000008000500                HAL_NVIC_SetPriority
 .text.HAL_SYSTICK_Config
                0x000000000800058c       0x2c ./system/src/stm32f4-hal/stm32f4xx_hal_cortex.o
                0x000000000800058c                HAL_SYSTICK_Config
 .text.HAL_SYSTICK_CLKSourceConfig
                0x00000000080005b8       0x3c ./system/src/stm32f4-hal/stm32f4xx_hal_cortex.o
                0x00000000080005b8                HAL_SYSTICK_CLKSourceConfig
 .text.HAL_GPIO_Init
                0x00000000080005f4      0x2ec ./system/src/stm32f4-hal/stm32f4xx_hal_gpio.o
                0x00000000080005f4                HAL_GPIO_Init
 .text.HAL_RCC_OscConfig
                0x00000000080008e0      0x4f8 ./system/src/stm32f4-hal/stm32f4xx_hal_rcc.o
                0x00000000080008e0                HAL_RCC_OscConfig
 .text.HAL_RCC_GetSysClockFreq
                0x0000000008000dd8       0xcc ./system/src/stm32f4-hal/stm32f4xx_hal_rcc.o
                0x0000000008000dd8                HAL_RCC_GetSysClockFreq
 .text.HAL_RCC_ClockConfig
                0x0000000008000ea4      0x21c ./system/src/stm32f4-hal/stm32f4xx_hal_rcc.o
                0x0000000008000ea4                HAL_RCC_ClockConfig
 .text.HAL_RCC_GetHCLKFreq
                0x00000000080010c0        0xc ./system/src/stm32f4-hal/stm32f4xx_hal_rcc.o
                0x00000000080010c0                HAL_RCC_GetHCLKFreq
 .text._exit    0x00000000080010cc        0x2 ./system/src/newlib/exit.o
                0x00000000080010cc                _exit
 *fill*         0x00000000080010ce        0x2 
 .text._sbrk    0x00000000080010d0       0x44 ./system/src/newlib/sbrk.o
                0x00000000080010d0                _sbrk
 .text.__initialize_args
                0x0000000008001114       0x10 ./system/src/newlib/syscalls.o
                0x0000000008001114                __initialize_args
 .text._trace_write_semihosting_debug
                0x0000000008001124       0x60 ./system/src/diag/trace-impl.o
 .text.trace_write
                0x0000000008001184        0x8 ./system/src/diag/trace-impl.o
                0x0000000008001184                trace_write
 .text.trace_printf
                0x000000000800118c       0x34 ./system/src/diag/trace.o
                0x000000000800118c                trace_printf
 .text.trace_puts
                0x00000000080011c0       0x20 ./system/src/diag/trace.o
                0x00000000080011c0                trace_puts
 .text.dumpExceptionStack
                0x00000000080011e0       0xf4 ./system/src/cortexm/exception-handlers.o
                0x00000000080011e0                dumpExceptionStack
 .text.isSemihosting
                0x00000000080012d4       0x20 ./system/src/cortexm/exception-handlers.o
                0x00000000080012d4                isSemihosting
 .text.__initialize_hardware_early
                0x00000000080012f4       0x18 ./system/src/cortexm/initialize-hardware.o
                0x00000000080012f4                __initialize_hardware_early
 .text.SystemInit
                0x000000000800130c       0x10 ./system/src/cmsis/system_stm32f4xx.o
                0x000000000800130c                SystemInit
 .text.SystemCoreClockUpdate
                0x000000000800131c       0xa0 ./system/src/cmsis/system_stm32f4xx.o
                0x000000000800131c                SystemCoreClockUpdate
 .text.SystemClock_Config
                0x00000000080013bc       0xa0 ./src/initialize-hardware.o
                0x00000000080013bc                SystemClock_Config
 .text.__initialize_hardware
                0x000000000800145c       0x10 ./src/initialize-hardware.o
                0x000000000800145c                __initialize_hardware
 .text.assert_failed
                0x000000000800146c       0x14 ./src/initialize-hardware.o
                0x000000000800146c                assert_failed
 .text._ZN3ledC2Ejjb
                0x0000000008001480       0x14 ./src/led.o
                0x0000000008001480                led::led(unsigned int, unsigned int, bool)
                0x0000000008001480                led::led(unsigned int, unsigned int, bool)
 .text._ZN3led7turn_onEv
                0x0000000008001494       0x2c ./src/led.o
                0x0000000008001494                led::turn_on()
 .text._ZN3led8turn_offEv
                0x00000000080014c0       0x2c ./src/led.o
                0x00000000080014c0                led::turn_off()
 .text._ZN3led8power_upEv
                0x00000000080014ec       0x40 ./src/led.o
                0x00000000080014ec                led::power_up()
 .text._ZN3led6toggleEv
                0x000000000800152c       0x24 ./src/led.o
                0x000000000800152c                led::toggle()
 .text._ZN3led4isOnEv
                0x0000000008001550       0x34 ./src/led.o
                0x0000000008001550                led::isOn()
 .text._Z41__static_initialization_and_destruction_0ii
                0x0000000008001584       0x50 ./src/main.o
 .text.main     0x00000000080015d4       0xe8 ./src/main.o
                0x00000000080015d4                main
 .text._GLOBAL__sub_I_blinkLeds
                0x00000000080016bc        0xe ./src/main.o
 .text.HAL_MspInit
                0x00000000080016ca        0x2 ./src/stm32f4xx_hal_msp.o
                0x00000000080016ca                HAL_MspInit
 .text._ZN5timer5startEv
                0x00000000080016cc       0x3c ./src/timer.o
                0x00000000080016cc                timer::start()
 .text._ZN5timer5sleepEm
                0x0000000008001708       0x14 ./src/timer.o
                0x0000000008001708                timer::sleep(unsigned long)
 .text._ZN5timer4tickEv
                0x000000000800171c       0x14 ./src/timer.o
                0x000000000800171c                timer::tick()
 .text.SysTick_Handler
                0x0000000008001730        0xc ./src/timer.o
                0x0000000008001730                SysTick_Handler
 .text          0x000000000800173c       0x30 /opt/gcc-arm-none-eabi-9-2020-q2-update/bin/../lib/gcc/arm-none-eabi/9.3.1/thumb/v7e-m/nofp/libgcc.a(_aeabi_uldivmod.o)
                0x000000000800173c                __aeabi_uldivmod
 .text          0x000000000800176c      0x2c0 /opt/gcc-arm-none-eabi-9-2020-q2-update/bin/../lib/gcc/arm-none-eabi/9.3.1/thumb/v7e-m/nofp/libgcc.a(_udivmoddi4.o)
                0x000000000800176c                __udivmoddi4
 .text          0x0000000008001a2c        0x4 /opt/gcc-arm-none-eabi-9-2020-q2-update/bin/../lib/gcc/arm-none-eabi/9.3.1/thumb/v7e-m/nofp/libgcc.a(_dvmd_tls.o)
                0x0000000008001a2c                __aeabi_ldiv0
                0x0000000008001a2c                __aeabi_idiv0
 .text.__errno  0x0000000008001a30        0xc /opt/gcc-arm-none-eabi-9-2020-q2-update/bin/../lib/gcc/arm-none-eabi/9.3.1/../../../../arm-none-eabi/lib/thumb/v7e-m/nofp/libg_nano.a(lib_a-errno.o)
                0x0000000008001a30                __errno
 .text          0x0000000008001a3c       0x10 /opt/gcc-arm-none-eabi-9-2020-q2-update/bin/../lib/gcc/arm-none-eabi/9.3.1/../../../../arm-none-eabi/lib/thumb/v7e-m/nofp/libg_nano.a(lib_a-strlen.o)
                0x0000000008001a3c                strlen
 .text._vsnprintf_r
                0x0000000008001a4c       0x58 /opt/gcc-arm-none-eabi-9-2020-q2-update/bin/../lib/gcc/arm-none-eabi/9.3.1/../../../../arm-none-eabi/lib/thumb/v7e-m/nofp/libg_nano.a(lib_a-vsnprintf.o)
                0x0000000008001a4c                _vsnprintf_r
                0x0000000008001a4c                _vsniprintf_r
 .text.vsnprintf
                0x0000000008001aa4       0x1c /opt/gcc-arm-none-eabi-9-2020-q2-update/bin/../lib/gcc/arm-none-eabi/9.3.1/../../../../arm-none-eabi/lib/thumb/v7e-m/nofp/libg_nano.a(lib_a-vsnprintf.o)
                0x0000000008001aa4                vsnprintf
                0x0000000008001aa4                vsniprintf
 .text.__ssputs_r
                0x0000000008001ac0       0xb6 /opt/gcc-arm-none-eabi-9-2020-q2-update/bin/../lib/gcc/arm-none-eabi/9.3.1/../../../../arm-none-eabi/lib/thumb/v7e-m/nofp/libg_nano.a(lib_a-nano-svfprintf.o)
                0x0000000008001ac0                __ssputs_r
 *fill*         0x0000000008001b76        0x2 
 .text._svfprintf_r
                0x0000000008001b78      0x200 /opt/gcc-arm-none-eabi-9-2020-q2-update/bin/../lib/gcc/arm-none-eabi/9.3.1/../../../../arm-none-eabi/lib/thumb/v7e-m/nofp/libg_nano.a(lib_a-nano-svfprintf.o)
                0x0000000008001b78                _svfprintf_r
                0x0000000008001b78                _svfiprintf_r
 .text._printf_common
                0x0000000008001d78       0xda /opt/gcc-arm-none-eabi-9-2020-q2-update/bin/../lib/gcc/arm-none-eabi/9.3.1/../../../../arm-none-eabi/lib/thumb/v7e-m/nofp/libg_nano.a(lib_a-nano-vfprintf_i.o)
                0x0000000008001d78                _printf_common
 *fill*         0x0000000008001e52        0x2 
 .text._printf_i
                0x0000000008001e54      0x24c /opt/gcc-arm-none-eabi-9-2020-q2-update/bin/../lib/gcc/arm-none-eabi/9.3.1/../../../../arm-none-eabi/lib/thumb/v7e-m/nofp/libg_nano.a(lib_a-nano-vfprintf_i.o)
                0x0000000008001e54                _printf_i
 .text          0x00000000080020a0       0xa0 /opt/gcc-arm-none-eabi-9-2020-q2-update/bin/../lib/gcc/arm-none-eabi/9.3.1/../../../../arm-none-eabi/lib/thumb/v7e-m/nofp/libg_nano.a(lib_a-memchr.o)
                0x00000000080020a0                memchr
 .text.memcpy   0x0000000008002140       0x1c /opt/gcc-arm-none-eabi-9-2020-q2-update/bin/../lib/gcc/arm-none-eabi/9.3.1/../../../../arm-none-eabi/lib/thumb/v7e-m/nofp/libg_nano.a(lib_a-memcpy-stub.o)
                0x0000000008002140                memcpy
 .text.memmove  0x000000000800215c       0x34 /opt/gcc-arm-none-eabi-9-2020-q2-update/bin/../lib/gcc/arm-none-eabi/9.3.1/../../../../arm-none-eabi/lib/thumb/v7e-m/nofp/libg_nano.a(lib_a-memmove.o)
                0x000000000800215c                memmove
 .text._free_r  0x0000000008002190       0x9c /opt/gcc-arm-none-eabi-9-2020-q2-update/bin/../lib/gcc/arm-none-eabi/9.3.1/../../../../arm-none-eabi/lib/thumb/v7e-m/nofp/libg_nano.a(lib_a-nano-freer.o)
                0x0000000008002190                _free_r
 .text._malloc_r
                0x000000000800222c       0xb4 /opt/gcc-arm-none-eabi-9-2020-q2-update/bin/../lib/gcc/arm-none-eabi/9.3.1/../../../../arm-none-eabi/lib/thumb/v7e-m/nofp/libg_nano.a(lib_a-nano-mallocr.o)
                0x000000000800222c                _malloc_r
 .text._realloc_r
                0x00000000080022e0       0x4c /opt/gcc-arm-none-eabi-9-2020-q2-update/bin/../lib/gcc/arm-none-eabi/9.3.1/../../../../arm-none-eabi/lib/thumb/v7e-m/nofp/libg_nano.a(lib_a-nano-reallocr.o)
                0x00000000080022e0                _realloc_r
 .text._sbrk_r  0x000000000800232c       0x20 /opt/gcc-arm-none-eabi-9-2020-q2-update/bin/../lib/gcc/arm-none-eabi/9.3.1/../../../../arm-none-eabi/lib/thumb/v7e-m/nofp/libg_nano.a(lib_a-sbrkr.o)
                0x000000000800232c                _sbrk_r
 .text.__malloc_lock
                0x000000000800234c        0xc /opt/gcc-arm-none-eabi-9-2020-q2-update/bin/../lib/gcc/arm-none-eabi/9.3.1/../../../../arm-none-eabi/lib/thumb/v7e-m/nofp/libg_nano.a(lib_a-mlock.o)
                0x000000000800234c                __malloc_lock
 .text.__malloc_unlock
                0x0000000008002358        0xc /opt/gcc-arm-none-eabi-9-2020-q2-update/bin/../lib/gcc/arm-none-eabi/9.3.1/../../../../arm-none-eabi/lib/thumb/v7e-m/nofp/libg_nano.a(lib_a-mlock.o)
                0x0000000008002358                __malloc_unlock
 .text._malloc_usable_size_r
                0x0000000008002364       0x10 /opt/gcc-arm-none-eabi-9-2020-q2-update/bin/../lib/gcc/arm-none-eabi/9.3.1/../../../../arm-none-eabi/lib/thumb/v7e-m/nofp/libg_nano.a(lib_a-nano-msizer.o)
                0x0000000008002364                _malloc_usable_size_r
 .text.__retarget_lock_acquire_recursive
                0x0000000008002374        0x2 /opt/gcc-arm-none-eabi-9-2020-q2-update/bin/../lib/gcc/arm-none-eabi/9.3.1/../../../../arm-none-eabi/lib/thumb/v7e-m/nofp/libg_nano.a(lib_a-lock.o)
                0x0000000008002374                __retarget_lock_acquire_recursive
 .text.__retarget_lock_release_recursive
                0x0000000008002376        0x2 /opt/gcc-arm-none-eabi-9-2020-q2-update/bin/../lib/gcc/arm-none-eabi/9.3.1/../../../../arm-none-eabi/lib/thumb/v7e-m/nofp/libg_nano.a(lib_a-lock.o)
                0x0000000008002376                __retarget_lock_release_recursive
 *(.rodata .rodata.* .constdata .constdata.*)
 .rodata.HAL_NVIC_SetPriorityGrouping.str1.4
                0x0000000008002378       0x31 ./system/src/stm32f4-hal/stm32f4xx_hal_cortex.o
 *fill*         0x00000000080023a9        0x3 
 .rodata.HAL_GPIO_Init.str1.4
                0x00000000080023ac       0x2f ./system/src/stm32f4-hal/stm32f4xx_hal_gpio.o
 *fill*         0x00000000080023db        0x1 
 .rodata.HAL_RCC_OscConfig.str1.4
                0x00000000080023dc       0x2e ./system/src/stm32f4-hal/stm32f4xx_hal_rcc.o
 .rodata.trace_puts.str1.4
                0x000000000800240a       0x2e ./system/src/diag/trace.o
                                          0x2 (size before relaxing)
 *fill*         0x000000000800240a        0x2 
 .rodata.dumpExceptionStack.str1.4
                0x000000000800240c      0x11a ./system/src/cortexm/exception-handlers.o
 *fill*         0x0000000008002526        0x2 
 .rodata.str1.4
                0x0000000008002528       0x2a ./system/src/cortexm/exception-handlers.o
 *fill*         0x0000000008002552        0x2 
 .rodata.AHBPrescTable
                0x0000000008002554       0x10 ./system/src/cmsis/system_stm32f4xx.o
                0x0000000008002554                AHBPrescTable
 .rodata.assert_failed.str1.4
                0x0000000008002564       0x2d ./src/initialize-hardware.o
 *fill*         0x0000000008002591        0x3 
 .rodata.main.str1.4
                0x0000000008002594       0x37 ./src/main.o
 .rodata._svfprintf_r.str1.1
                0x00000000080025cb       0x11 /opt/gcc-arm-none-eabi-9-2020-q2-update/bin/../lib/gcc/arm-none-eabi/9.3.1/../../../../arm-none-eabi/lib/thumb/v7e-m/nofp/libg_nano.a(lib_a-nano-svfprintf.o)
 .rodata._printf_i.str1.1
                0x00000000080025dc       0x22 /opt/gcc-arm-none-eabi-9-2020-q2-update/bin/../lib/gcc/arm-none-eabi/9.3.1/../../../../arm-none-eabi/lib/thumb/v7e-m/nofp/libg_nano.a(lib_a-nano-vfprintf_i.o)
 *(vtable)
 *(.eh_frame*)
 *(.glue_7)
 .glue_7        0x00000000080025fe        0x0 linker stubs
 *(.glue_7t)
 .glue_7t       0x00000000080025fe        0x0 linker stubs

.vfp11_veneer   0x0000000008002600        0x0
 .vfp11_veneer  0x0000000008002600        0x0 linker stubs

.v4_bx          0x0000000008002600        0x0
 .v4_bx         0x0000000008002600        0x0 linker stubs

.iplt           0x0000000008002600        0x0
 .iplt          0x0000000008002600        0x0 ./system/src/stm32f4-hal/stm32f4xx_hal.o

.ARM.extab
 *(.ARM.extab* .gnu.linkonce.armextab.*)
                0x0000000008002600                . = ALIGN (0x4)
                0x0000000008002600                __exidx_start = .

.ARM.exidx      0x0000000008002600        0x8
 *(.ARM.exidx* .gnu.linkonce.armexidx.*)
 .ARM.exidx     0x0000000008002600        0x8 /opt/gcc-arm-none-eabi-9-2020-q2-update/bin/../lib/gcc/arm-none-eabi/9.3.1/thumb/v7e-m/nofp/libgcc.a(_udivmoddi4.o)
                0x0000000008002608                __exidx_end = .

.rel.dyn        0x0000000008002608        0x0
 .rel.iplt      0x0000000008002608        0x0 ./system/src/stm32f4-hal/stm32f4xx_hal.o
                0x0000000008002608                . = ALIGN (0x4)
                0x0000000008002608                _etext = .
                0x0000000008002608                __etext = .

.data_CCMRAM    0x0000000010000000        0x0 load address 0x0000000008002608
 FILL mask 0xff
 *(.data.CCMRAM .data.CCMRAM.*)
                0x0000000010000000                . = ALIGN (0x4)
                0x0000000008002608                _sidata = LOADADDR (.data)

.data           0x0000000020000000       0x80 load address 0x0000000008002608
 FILL mask 0xff
                0x0000000020000000                _sdata = .
                0x0000000020000000                __data_start__ = .
 *(.data_begin .data_begin.*)
 .data_begin    0x0000000020000000        0x4 ./system/src/newlib/startup.o
 *(.data .data.*)
 .data.uwTickFreq
                0x0000000020000004        0x1 ./system/src/stm32f4-hal/stm32f4xx_hal.o
                0x0000000020000004                uwTickFreq
 *fill*         0x0000000020000005        0x3 ff
 .data.uwTickPrio
                0x0000000020000008        0x4 ./system/src/stm32f4-hal/stm32f4xx_hal.o
                0x0000000020000008                uwTickPrio
 .data.argv.4353
                0x000000002000000c        0x8 ./system/src/newlib/syscalls.o
 .data.SystemCoreClock
                0x0000000020000014        0x4 ./system/src/cmsis/system_stm32f4xx.o
                0x0000000020000014                SystemCoreClock
 .data._impure_ptr
                0x0000000020000018        0x4 /opt/gcc-arm-none-eabi-9-2020-q2-update/bin/../lib/gcc/arm-none-eabi/9.3.1/../../../../arm-none-eabi/lib/thumb/v7e-m/nofp/libg_nano.a(lib_a-impure.o)
                0x0000000020000018                _impure_ptr
 .data.impure_data
                0x000000002000001c       0x60 /opt/gcc-arm-none-eabi-9-2020-q2-update/bin/../lib/gcc/arm-none-eabi/9.3.1/../../../../arm-none-eabi/lib/thumb/v7e-m/nofp/libg_nano.a(lib_a-impure.o)
 *(.data_end .data_end.*)
 .data_end      0x000000002000007c        0x4 ./system/src/newlib/startup.o
                0x0000000020000080                . = ALIGN (0x4)
                0x0000000020000080                _edata = .
                0x0000000020000080                __data_end__ = .

.igot.plt       0x0000000020000080        0x0 load address 0x0000000008002688
 .igot.plt      0x0000000020000080        0x0 ./system/src/stm32f4-hal/stm32f4xx_hal.o

.bss_CCMRAM     0x0000000010000000        0x0
 *(.bss.CCMRAM .bss.CCMRAM.*)

.bss            0x0000000020000080       0xf0
                0x0000000020000080                __bss_start__ = .
                0x0000000020000080                _sbss = .
 *(.bss_begin .bss_begin.*)
 .bss_begin     0x0000000020000080        0x4 ./system/src/newlib/startup.o
 *(.bss .bss.*)
 .bss.current_heap_end.3985
                0x0000000020000084        0x4 ./system/src/newlib/sbrk.o
 .bss.name.4352
                0x0000000020000088        0x1 ./system/src/newlib/syscalls.o
 *fill*         0x0000000020000089        0x3 
 .bss.buf.5229  0x000000002000008c       0x80 ./system/src/diag/trace.o
 .bss.blinkLeds
                0x000000002000010c       0x40 ./src/main.o
                0x000000002000010c                blinkLeds
 .bss._ZN5timer13ms_delayCountE
                0x000000002000014c        0x4 ./src/timer.o
                0x000000002000014c                timer::ms_delayCount
 .bss.__malloc_free_list
                0x0000000020000150        0x4 /opt/gcc-arm-none-eabi-9-2020-q2-update/bin/../lib/gcc/arm-none-eabi/9.3.1/../../../../arm-none-eabi/lib/thumb/v7e-m/nofp/libg_nano.a(lib_a-nano-mallocr.o)
                0x0000000020000150                __malloc_free_list
 .bss.__malloc_sbrk_start
                0x0000000020000154        0x4 /opt/gcc-arm-none-eabi-9-2020-q2-update/bin/../lib/gcc/arm-none-eabi/9.3.1/../../../../arm-none-eabi/lib/thumb/v7e-m/nofp/libg_nano.a(lib_a-nano-mallocr.o)
                0x0000000020000154                __malloc_sbrk_start
 *(COMMON)
 COMMON         0x0000000020000158        0x4 ./system/src/stm32f4-hal/stm32f4xx_hal.o
                0x0000000020000158                uwTick
 COMMON         0x000000002000015c        0x4 ./system/src/newlib/syscalls.o
                0x000000002000015c                errno
 COMMON         0x0000000020000160        0x9 /opt/gcc-arm-none-eabi-9-2020-q2-update/bin/../lib/gcc/arm-none-eabi/9.3.1/../../../../arm-none-eabi/lib/thumb/v7e-m/nofp/libg_nano.a(lib_a-lock.o)
                0x0000000020000160                __lock___atexit_recursive_mutex
                0x0000000020000161                __lock___arc4random_mutex
                0x0000000020000162                __lock___env_recursive_mutex
                0x0000000020000163                __lock___sinit_recursive_mutex
                0x0000000020000164                __lock___malloc_recursive_mutex
                0x0000000020000165                __lock___at_quick_exit_mutex
                0x0000000020000166                __lock___dd_hash_mutex
                0x0000000020000167                __lock___tz_mutex
                0x0000000020000168                __lock___sfp_recursive_mutex
 *(.bss_end .bss_end.*)
 *fill*         0x0000000020000169        0x3 
 .bss_end       0x000000002000016c        0x4 ./system/src/newlib/startup.o
                0x0000000020000170                . = ALIGN (0x4)
                0x0000000020000170                __bss_end__ = .
                0x0000000020000170                _ebss = .

.noinit_CCMRAM
 *(.noinit.CCMRAM .noinit.CCMRAM.*)

.noinit         0x0000000020000170        0x0
                0x0000000020000170                _noinit = .
 *(.noinit .noinit.*)
                0x0000000020000170                . = ALIGN (0x4)
                0x0000000020000170                _end_noinit = .
                [!provide]                        PROVIDE (end = _end_noinit)
                [!provide]                        PROVIDE (_end = _end_noinit)
                [!provide]                        PROVIDE (__end = _end_noinit)
                [!provide]                        PROVIDE (__end__ = _end_noinit)

._check_stack   0x0000000020000170      0x100
                0x0000000020000270                . = (. + _Minimum_Stack_Size)
 *fill*         0x0000000020000170      0x100 

.b1text
 *(.b1text)
 *(.b1rodata)
 *(.b1rodata.*)

.eb0text
 *(.eb0text)
 *(.eb0rodata)
 *(.eb0rodata.*)

.eb1text
 *(.eb1text)
 *(.eb1rodata)
 *(.eb1rodata.*)

.eb2text
 *(.eb2text)
 *(.eb2rodata)
 *(.eb2rodata.*)

.eb3text
 *(.eb3text)
 *(.eb3rodata)
 *(.eb3rodata.*)

.stab
 *(.stab)

.stabstr
 *(.stabstr)

.stab.excl
 *(.stab.excl)

.stab.exclstr
 *(.stab.exclstr)

.stab.index
 *(.stab.index)

.stab.indexstr
 *(.stab.indexstr)

.comment        0x0000000000000000       0x4c
 *(.comment)
 .comment       0x0000000000000000       0x4c ./system/src/stm32f4-hal/stm32f4xx_hal.o
                                         0x4d (size before relaxing)
 .comment       0x000000000000004c       0x4d ./system/src/stm32f4-hal/stm32f4xx_hal_cortex.o
 .comment       0x000000000000004c       0x4d ./system/src/stm32f4-hal/stm32f4xx_hal_gpio.o
 .comment       0x000000000000004c       0x4d ./system/src/stm32f4-hal/stm32f4xx_hal_rcc.o
 .comment       0x000000000000004c       0x4d ./system/src/newlib/exit.o
 .comment       0x000000000000004c       0x4d ./system/src/newlib/sbrk.o
 .comment       0x000000000000004c       0x4d ./system/src/newlib/startup.o
 .comment       0x000000000000004c       0x4d ./system/src/newlib/syscalls.o
 .comment       0x000000000000004c       0x4d ./system/src/diag/trace-impl.o
 .comment       0x000000000000004c       0x4d ./system/src/diag/trace.o
 .comment       0x000000000000004c       0x4d ./system/src/cortexm/exception-handlers.o
 .comment       0x000000000000004c       0x4d ./system/src/cortexm/initialize-hardware.o
 .comment       0x000000000000004c       0x4d ./system/src/cmsis/system_stm32f4xx.o
 .comment       0x000000000000004c       0x4d ./system/src/cmsis/vectors_stm32f407xx.o
 .comment       0x000000000000004c       0x4d ./src/initialize-hardware.o
 .comment       0x000000000000004c       0x4d ./src/led.o
 .comment       0x000000000000004c       0x4d ./src/main.o
 .comment       0x000000000000004c       0x4d ./src/stm32f4xx_hal_msp.o
 .comment       0x000000000000004c       0x4d ./src/timer.o

.ARM.attributes
                0x0000000000000000       0x2c
 .ARM.attributes
                0x0000000000000000       0x2e ./system/src/stm32f4-hal/stm32f4xx_hal.o
 .ARM.attributes
                0x000000000000002e       0x2e ./system/src/stm32f4-hal/stm32f4xx_hal_cortex.o
 .ARM.attributes
                0x000000000000005c       0x2e ./system/src/stm32f4-hal/stm32f4xx_hal_gpio.o
 .ARM.attributes
                0x000000000000008a       0x2e ./system/src/stm32f4-hal/stm32f4xx_hal_rcc.o
 .ARM.attributes
                0x00000000000000b8       0x2e ./system/src/newlib/exit.o
 .ARM.attributes
                0x00000000000000e6       0x2e ./system/src/newlib/sbrk.o
 .ARM.attributes
                0x0000000000000114       0x2e ./system/src/newlib/startup.o
 .ARM.attributes
                0x0000000000000142       0x2e ./system/src/newlib/syscalls.o
 .ARM.attributes
                0x0000000000000170       0x2e ./system/src/diag/trace-impl.o
 .ARM.attributes
                0x000000000000019e       0x2e ./system/src/diag/trace.o
 .ARM.attributes
                0x00000000000001cc       0x2e ./system/src/cortexm/exception-handlers.o
 .ARM.attributes
                0x00000000000001fa       0x2e ./system/src/cortexm/initialize-hardware.o
 .ARM.attributes
                0x0000000000000228       0x2e ./system/src/cmsis/system_stm32f4xx.o
 .ARM.attributes
                0x0000000000000256       0x2e ./system/src/cmsis/vectors_stm32f407xx.o
 .ARM.attributes
                0x0000000000000284       0x2e ./src/initialize-hardware.o
 .ARM.attributes
                0x00000000000002b2       0x2e ./src/led.o
 .ARM.attributes
                0x00000000000002e0       0x2e ./src/main.o
 .ARM.attributes
                0x000000000000030e       0x2e ./src/stm32f4xx_hal_msp.o
 .ARM.attributes
                0x000000000000033c       0x2e ./src/timer.o
 .ARM.attributes
                0x000000000000036a       0x1e /opt/gcc-arm-none-eabi-9-2020-q2-update/bin/../lib/gcc/arm-none-eabi/9.3.1/thumb/v7e-m/nofp/libgcc.a(_aeabi_uldivmod.o)
 .ARM.attributes
                0x0000000000000388       0x2e /opt/gcc-arm-none-eabi-9-2020-q2-update/bin/../lib/gcc/arm-none-eabi/9.3.1/thumb/v7e-m/nofp/libgcc.a(_udivmoddi4.o)
 .ARM.attributes
                0x00000000000003b6       0x1e /opt/gcc-arm-none-eabi-9-2020-q2-update/bin/../lib/gcc/arm-none-eabi/9.3.1/thumb/v7e-m/nofp/libgcc.a(_dvmd_tls.o)
 .ARM.attributes
                0x00000000000003d4       0x2e /opt/gcc-arm-none-eabi-9-2020-q2-update/bin/../lib/gcc/arm-none-eabi/9.3.1/../../../../arm-none-eabi/lib/thumb/v7e-m/nofp/libg_nano.a(lib_a-errno.o)
 .ARM.attributes
                0x0000000000000402       0x2e /opt/gcc-arm-none-eabi-9-2020-q2-update/bin/../lib/gcc/arm-none-eabi/9.3.1/../../../../arm-none-eabi/lib/thumb/v7e-m/nofp/libg_nano.a(lib_a-impure.o)
 .ARM.attributes
                0x0000000000000430       0x17 /opt/gcc-arm-none-eabi-9-2020-q2-update/bin/../lib/gcc/arm-none-eabi/9.3.1/../../../../arm-none-eabi/lib/thumb/v7e-m/nofp/libg_nano.a(lib_a-strlen.o)
 .ARM.attributes
                0x0000000000000447       0x2e /opt/gcc-arm-none-eabi-9-2020-q2-update/bin/../lib/gcc/arm-none-eabi/9.3.1/../../../../arm-none-eabi/lib/thumb/v7e-m/nofp/libg_nano.a(lib_a-vsnprintf.o)
 .ARM.attributes
                0x0000000000000475       0x2e /opt/gcc-arm-none-eabi-9-2020-q2-update/bin/../lib/gcc/arm-none-eabi/9.3.1/../../../../arm-none-eabi/lib/thumb/v7e-m/nofp/libg_nano.a(lib_a-nano-svfprintf.o)
 .ARM.attributes
                0x00000000000004a3       0x2e /opt/gcc-arm-none-eabi-9-2020-q2-update/bin/../lib/gcc/arm-none-eabi/9.3.1/../../../../arm-none-eabi/lib/thumb/v7e-m/nofp/libg_nano.a(lib_a-nano-vfprintf_i.o)
 .ARM.attributes
                0x00000000000004d1       0x1c /opt/gcc-arm-none-eabi-9-2020-q2-update/bin/../lib/gcc/arm-none-eabi/9.3.1/../../../../arm-none-eabi/lib/thumb/v7e-m/nofp/libg_nano.a(lib_a-memchr.o)
 .ARM.attributes
                0x00000000000004ed       0x2e /opt/gcc-arm-none-eabi-9-2020-q2-update/bin/../lib/gcc/arm-none-eabi/9.3.1/../../../../arm-none-eabi/lib/thumb/v7e-m/nofp/libg_nano.a(lib_a-memcpy-stub.o)
 .ARM.attributes
                0x000000000000051b       0x2e /opt/gcc-arm-none-eabi-9-2020-q2-update/bin/../lib/gcc/arm-none-eabi/9.3.1/../../../../arm-none-eabi/lib/thumb/v7e-m/nofp/libg_nano.a(lib_a-memmove.o)
 .ARM.attributes
                0x0000000000000549       0x2e /opt/gcc-arm-none-eabi-9-2020-q2-update/bin/../lib/gcc/arm-none-eabi/9.3.1/../../../../arm-none-eabi/lib/thumb/v7e-m/nofp/libg_nano.a(lib_a-nano-freer.o)
 .ARM.attributes
                0x0000000000000577       0x2e /opt/gcc-arm-none-eabi-9-2020-q2-update/bin/../lib/gcc/arm-none-eabi/9.3.1/../../../../arm-none-eabi/lib/thumb/v7e-m/nofp/libg_nano.a(lib_a-nano-mallocr.o)
 .ARM.attributes
                0x00000000000005a5       0x2e /opt/gcc-arm-none-eabi-9-2020-q2-update/bin/../lib/gcc/arm-none-eabi/9.3.1/../../../../arm-none-eabi/lib/thumb/v7e-m/nofp/libg_nano.a(lib_a-nano-reallocr.o)
 .ARM.attributes
                0x00000000000005d3       0x2e /opt/gcc-arm-none-eabi-9-2020-q2-update/bin/../lib/gcc/arm-none-eabi/9.3.1/../../../../arm-none-eabi/lib/thumb/v7e-m/nofp/libg_nano.a(lib_a-sbrkr.o)
 .ARM.attributes
                0x0000000000000601       0x2e /opt/gcc-arm-none-eabi-9-2020-q2-update/bin/../lib/gcc/arm-none-eabi/9.3.1/../../../../arm-none-eabi/lib/thumb/v7e-m/nofp/libg_nano.a(lib_a-mlock.o)
 .ARM.attributes
                0x000000000000062f       0x2e /opt/gcc-arm-none-eabi-9-2020-q2-update/bin/../lib/gcc/arm-none-eabi/9.3.1/../../../../arm-none-eabi/lib/thumb/v7e-m/nofp/libg_nano.a(lib_a-nano-msizer.o)
 .ARM.attributes
                0x000000000000065d       0x2e /opt/gcc-arm-none-eabi-9-2020-q2-update/bin/../lib/gcc/arm-none-eabi/9.3.1/../../../../arm-none-eabi/lib/thumb/v7e-m/nofp/libg_nano.a(lib_a-lock.o)

.debug
 *(.debug)

.line
 *(.line)

.debug_srcinfo
 *(.debug_srcinfo)

.debug_sfnames
 *(.debug_sfnames)

.debug_aranges  0x0000000000000000      0x5b0
 *(.debug_aranges)
 .debug_aranges
                0x0000000000000000       0xf0 ./system/src/stm32f4-hal/stm32f4xx_hal.o
 .debug_aranges
                0x00000000000000f0       0xa8 ./system/src/stm32f4-hal/stm32f4xx_hal_cortex.o
 .debug_aranges
                0x0000000000000198       0x58 ./system/src/stm32f4-hal/stm32f4xx_hal_gpio.o
 .debug_aranges
                0x00000000000001f0       0x88 ./system/src/stm32f4-hal/stm32f4xx_hal_rcc.o
 .debug_aranges
                0x0000000000000278       0x28 ./system/src/newlib/exit.o
 .debug_aranges
                0x00000000000002a0       0x20 ./system/src/newlib/sbrk.o
 .debug_aranges
                0x00000000000002c0       0x40 ./system/src/newlib/startup.o
 .debug_aranges
                0x0000000000000300       0x30 ./system/src/newlib/syscalls.o
 .debug_aranges
                0x0000000000000330       0x30 ./system/src/diag/trace-impl.o
 .debug_aranges
                0x0000000000000360       0x38 ./system/src/diag/trace.o
 .debug_aranges
                0x0000000000000398       0x90 ./system/src/cortexm/exception-handlers.o
 .debug_aranges
                0x0000000000000428       0x28 ./system/src/cortexm/initialize-hardware.o
 .debug_aranges
                0x0000000000000450       0x28 ./system/src/cmsis/system_stm32f4xx.o
 .debug_aranges
                0x0000000000000478       0x20 ./system/src/cmsis/vectors_stm32f407xx.o
 .debug_aranges
                0x0000000000000498       0x30 ./src/initialize-hardware.o
 .debug_aranges
                0x00000000000004c8       0x48 ./src/led.o
 .debug_aranges
                0x0000000000000510       0x30 ./src/main.o
 .debug_aranges
                0x0000000000000540       0x38 ./src/stm32f4xx_hal_msp.o
 .debug_aranges
                0x0000000000000578       0x38 ./src/timer.o

.debug_pubnames
 *(.debug_pubnames)

.debug_info     0x0000000000000000     0xb737
 *(.debug_info .gnu.linkonce.wi.*)
 .debug_info    0x0000000000000000      0xa84 ./system/src/stm32f4-hal/stm32f4xx_hal.o
 .debug_info    0x0000000000000a84     0x13cc ./system/src/stm32f4-hal/stm32f4xx_hal_cortex.o
 .debug_info    0x0000000000001e50      0x9d4 ./system/src/stm32f4-hal/stm32f4xx_hal_gpio.o
 .debug_info    0x0000000000002824      0xdc0 ./system/src/stm32f4-hal/stm32f4xx_hal_rcc.o
 .debug_info    0x00000000000035e4      0x9e7 ./system/src/newlib/exit.o
 .debug_info    0x0000000000003fcb      0x9d4 ./system/src/newlib/sbrk.o
 .debug_info    0x000000000000499f      0x573 ./system/src/newlib/startup.o
 .debug_info    0x0000000000004f12      0xab9 ./system/src/newlib/syscalls.o
 .debug_info    0x00000000000059cb      0x459 ./system/src/diag/trace-impl.o
 .debug_info    0x0000000000005e24      0xbdb ./system/src/diag/trace.o
 .debug_info    0x00000000000069ff     0x1334 ./system/src/cortexm/exception-handlers.o
 .debug_info    0x0000000000007d33      0x37b ./system/src/cortexm/initialize-hardware.o
 .debug_info    0x00000000000080ae      0x599 ./system/src/cmsis/system_stm32f4xx.o
 .debug_info    0x0000000000008647       0xce ./system/src/cmsis/vectors_stm32f407xx.o
 .debug_info    0x0000000000008715      0x69f ./src/initialize-hardware.o
 .debug_info    0x0000000000008db4      0x6d6 ./src/led.o
 .debug_info    0x000000000000948a     0x183c ./src/main.o
 .debug_info    0x000000000000acc6      0x1a4 ./src/stm32f4xx_hal_msp.o
 .debug_info    0x000000000000ae6a      0x8cd ./src/timer.o

.debug_abbrev   0x0000000000000000     0x2c39
 *(.debug_abbrev)
 .debug_abbrev  0x0000000000000000      0x21c ./system/src/stm32f4-hal/stm32f4xx_hal.o
 .debug_abbrev  0x000000000000021c      0x3b0 ./system/src/stm32f4-hal/stm32f4xx_hal_cortex.o
 .debug_abbrev  0x00000000000005cc      0x25b ./system/src/stm32f4-hal/stm32f4xx_hal_gpio.o
 .debug_abbrev  0x0000000000000827      0x2c4 ./system/src/stm32f4-hal/stm32f4xx_hal_rcc.o
 .debug_abbrev  0x0000000000000aeb      0x222 ./system/src/newlib/exit.o
 .debug_abbrev  0x0000000000000d0d      0x232 ./system/src/newlib/sbrk.o
 .debug_abbrev  0x0000000000000f3f      0x1fa ./system/src/newlib/startup.o
 .debug_abbrev  0x0000000000001139      0x26d ./system/src/newlib/syscalls.o
 .debug_abbrev  0x00000000000013a6      0x22b ./system/src/diag/trace-impl.o
 .debug_abbrev  0x00000000000015d1      0x2c6 ./system/src/diag/trace.o
 .debug_abbrev  0x0000000000001897      0x385 ./system/src/cortexm/exception-handlers.o
 .debug_abbrev  0x0000000000001c1c      0x118 ./system/src/cortexm/initialize-hardware.o
 .debug_abbrev  0x0000000000001d34      0x14b ./system/src/cmsis/system_stm32f4xx.o
 .debug_abbrev  0x0000000000001e7f       0xa5 ./system/src/cmsis/vectors_stm32f407xx.o
 .debug_abbrev  0x0000000000001f24      0x1b9 ./src/initialize-hardware.o
 .debug_abbrev  0x00000000000020dd      0x279 ./src/led.o
 .debug_abbrev  0x0000000000002356      0x51b ./src/main.o
 .debug_abbrev  0x0000000000002871       0xb8 ./src/stm32f4xx_hal_msp.o
 .debug_abbrev  0x0000000000002929      0x310 ./src/timer.o

.debug_line     0x0000000000000000     0xb031
 *(.debug_line)
 .debug_line    0x0000000000000000      0xbaa ./system/src/stm32f4-hal/stm32f4xx_hal.o
 .debug_line    0x0000000000000baa      0xef2 ./system/src/stm32f4-hal/stm32f4xx_hal_cortex.o
 .debug_line    0x0000000000001a9c      0xec9 ./system/src/stm32f4-hal/stm32f4xx_hal_gpio.o
 .debug_line    0x0000000000002965     0x128f ./system/src/stm32f4-hal/stm32f4xx_hal_rcc.o
 .debug_line    0x0000000000003bf4      0x330 ./system/src/newlib/exit.o
 .debug_line    0x0000000000003f24      0x31a ./system/src/newlib/sbrk.o
 .debug_line    0x000000000000423e      0x602 ./system/src/newlib/startup.o
 .debug_line    0x0000000000004840      0x41b ./system/src/newlib/syscalls.o
 .debug_line    0x0000000000004c5b      0xb65 ./system/src/diag/trace-impl.o
 .debug_line    0x00000000000057c0      0x40d ./system/src/diag/trace.o
 .debug_line    0x0000000000005bcd      0xd9a ./system/src/cortexm/exception-handlers.o
 .debug_line    0x0000000000006967      0x872 ./system/src/cortexm/initialize-hardware.o
 .debug_line    0x00000000000071d9      0x906 ./system/src/cmsis/system_stm32f4xx.o
 .debug_line    0x0000000000007adf      0x10a ./system/src/cmsis/vectors_stm32f407xx.o
 .debug_line    0x0000000000007be9      0xb29 ./src/initialize-hardware.o
 .debug_line    0x0000000000008712      0x99a ./src/led.o
 .debug_line    0x00000000000090ac      0xdf4 ./src/main.o
 .debug_line    0x0000000000009ea0      0x862 ./src/stm32f4xx_hal_msp.o
 .debug_line    0x000000000000a702      0x92f ./src/timer.o

.debug_frame    0x0000000000000000      0xfd8
 *(.debug_frame)
 .debug_frame   0x0000000000000000      0x1f0 ./system/src/stm32f4-hal/stm32f4xx_hal.o
 .debug_frame   0x00000000000001f0      0x19c ./system/src/stm32f4-hal/stm32f4xx_hal_cortex.o
 .debug_frame   0x000000000000038c       0xfc ./system/src/stm32f4-hal/stm32f4xx_hal_gpio.o
 .debug_frame   0x0000000000000488      0x174 ./system/src/stm32f4-hal/stm32f4xx_hal_rcc.o
 .debug_frame   0x00000000000005fc       0x38 ./system/src/newlib/exit.o
 .debug_frame   0x0000000000000634       0x28 ./system/src/newlib/sbrk.o
 .debug_frame   0x000000000000065c       0x7c ./system/src/newlib/startup.o
 .debug_frame   0x00000000000006d8       0x50 ./system/src/newlib/syscalls.o
 .debug_frame   0x0000000000000728       0x64 ./system/src/diag/trace-impl.o
 .debug_frame   0x000000000000078c       0x94 ./system/src/diag/trace.o
 .debug_frame   0x0000000000000820      0x158 ./system/src/cortexm/exception-handlers.o
 .debug_frame   0x0000000000000978       0x40 ./system/src/cortexm/initialize-hardware.o
 .debug_frame   0x00000000000009b8       0x30 ./system/src/cmsis/system_stm32f4xx.o
 .debug_frame   0x00000000000009e8       0x20 ./system/src/cmsis/vectors_stm32f407xx.o
 .debug_frame   0x0000000000000a08       0x60 ./src/initialize-hardware.o
 .debug_frame   0x0000000000000a68       0x8c ./src/led.o
 .debug_frame   0x0000000000000af4       0x60 ./src/main.o
 .debug_frame   0x0000000000000b54       0x50 ./src/stm32f4xx_hal_msp.o
 .debug_frame   0x0000000000000ba4       0x58 ./src/timer.o
 .debug_frame   0x0000000000000bfc       0x2c /opt/gcc-arm-none-eabi-9-2020-q2-update/bin/../lib/gcc/arm-none-eabi/9.3.1/thumb/v7e-m/nofp/libgcc.a(_aeabi_uldivmod.o)
 .debug_frame   0x0000000000000c28       0x34 /opt/gcc-arm-none-eabi-9-2020-q2-update/bin/../lib/gcc/arm-none-eabi/9.3.1/thumb/v7e-m/nofp/libgcc.a(_udivmoddi4.o)
 .debug_frame   0x0000000000000c5c       0x20 /opt/gcc-arm-none-eabi-9-2020-q2-update/bin/../lib/gcc/arm-none-eabi/9.3.1/../../../../arm-none-eabi/lib/thumb/v7e-m/nofp/libg_nano.a(lib_a-errno.o)
 .debug_frame   0x0000000000000c7c       0x4c /opt/gcc-arm-none-eabi-9-2020-q2-update/bin/../lib/gcc/arm-none-eabi/9.3.1/../../../../arm-none-eabi/lib/thumb/v7e-m/nofp/libg_nano.a(lib_a-vsnprintf.o)
 .debug_frame   0x0000000000000cc8       0x90 /opt/gcc-arm-none-eabi-9-2020-q2-update/bin/../lib/gcc/arm-none-eabi/9.3.1/../../../../arm-none-eabi/lib/thumb/v7e-m/nofp/libg_nano.a(lib_a-nano-svfprintf.o)
 .debug_frame   0x0000000000000d58       0x60 /opt/gcc-arm-none-eabi-9-2020-q2-update/bin/../lib/gcc/arm-none-eabi/9.3.1/../../../../arm-none-eabi/lib/thumb/v7e-m/nofp/libg_nano.a(lib_a-nano-vfprintf_i.o)
 .debug_frame   0x0000000000000db8       0x28 /opt/gcc-arm-none-eabi-9-2020-q2-update/bin/../lib/gcc/arm-none-eabi/9.3.1/../../../../arm-none-eabi/lib/thumb/v7e-m/nofp/libg_nano.a(lib_a-memcpy-stub.o)
 .debug_frame   0x0000000000000de0       0x28 /opt/gcc-arm-none-eabi-9-2020-q2-update/bin/../lib/gcc/arm-none-eabi/9.3.1/../../../../arm-none-eabi/lib/thumb/v7e-m/nofp/libg_nano.a(lib_a-memmove.o)
 .debug_frame   0x0000000000000e08       0x38 /opt/gcc-arm-none-eabi-9-2020-q2-update/bin/../lib/gcc/arm-none-eabi/9.3.1/../../../../arm-none-eabi/lib/thumb/v7e-m/nofp/libg_nano.a(lib_a-nano-freer.o)
 .debug_frame   0x0000000000000e40       0x30 /opt/gcc-arm-none-eabi-9-2020-q2-update/bin/../lib/gcc/arm-none-eabi/9.3.1/../../../../arm-none-eabi/lib/thumb/v7e-m/nofp/libg_nano.a(lib_a-nano-mallocr.o)
 .debug_frame   0x0000000000000e70       0x3c /opt/gcc-arm-none-eabi-9-2020-q2-update/bin/../lib/gcc/arm-none-eabi/9.3.1/../../../../arm-none-eabi/lib/thumb/v7e-m/nofp/libg_nano.a(lib_a-nano-reallocr.o)
 .debug_frame   0x0000000000000eac       0x2c /opt/gcc-arm-none-eabi-9-2020-q2-update/bin/../lib/gcc/arm-none-eabi/9.3.1/../../../../arm-none-eabi/lib/thumb/v7e-m/nofp/libg_nano.a(lib_a-sbrkr.o)
 .debug_frame   0x0000000000000ed8       0x30 /opt/gcc-arm-none-eabi-9-2020-q2-update/bin/../lib/gcc/arm-none-eabi/9.3.1/../../../../arm-none-eabi/lib/thumb/v7e-m/nofp/libg_nano.a(lib_a-mlock.o)
 .debug_frame   0x0000000000000f08       0x20 /opt/gcc-arm-none-eabi-9-2020-q2-update/bin/../lib/gcc/arm-none-eabi/9.3.1/../../../../arm-none-eabi/lib/thumb/v7e-m/nofp/libg_nano.a(lib_a-nano-msizer.o)
 .debug_frame   0x0000000000000f28       0xb0 /opt/gcc-arm-none-eabi-9-2020-q2-update/bin/../lib/gcc/arm-none-eabi/9.3.1/../../../../arm-none-eabi/lib/thumb/v7e-m/nofp/libg_nano.a(lib_a-lock.o)

.debug_str      0x0000000000000000    0xf89f5
 *(.debug_str)
 .debug_str     0x0000000000000000    0xee7fa ./system/src/stm32f4-hal/stm32f4xx_hal.o
                                      0xeebc8 (size before relaxing)
 .debug_str     0x00000000000ee7fa      0x38b ./system/src/stm32f4-hal/stm32f4xx_hal_cortex.o
                                      0xee97b (size before relaxing)
 .debug_str     0x00000000000eeb85      0x25f ./system/src/stm32f4-hal/stm32f4xx_hal_gpio.o
                                      0xee2ea (size before relaxing)
 .debug_str     0x00000000000eede4      0x383 ./system/src/stm32f4-hal/stm32f4xx_hal_rcc.o
                                      0xee4b4 (size before relaxing)
 .debug_str     0x00000000000ef167     0x499e ./system/src/newlib/exit.o
                                       0x7c13 (size before relaxing)
 .debug_str     0x00000000000f3b05      0x4ec ./system/src/newlib/sbrk.o
                                       0x6fd4 (size before relaxing)
 .debug_str     0x00000000000f3ff1      0x2c5 ./system/src/newlib/startup.o
                                       0x644d (size before relaxing)
 .debug_str     0x00000000000f42b6     0x1518 ./system/src/newlib/syscalls.o
                                       0x853d (size before relaxing)
 .debug_str     0x00000000000f57ce      0x387 ./system/src/diag/trace-impl.o
                                      0xf1813 (size before relaxing)
 .debug_str     0x00000000000f5b55      0x81a ./system/src/diag/trace.o
                                       0x8390 (size before relaxing)
 .debug_str     0x00000000000f636f      0x19d ./system/src/cortexm/exception-handlers.o
                                      0xf2d5c (size before relaxing)
 .debug_str     0x00000000000f650c       0x5d ./system/src/cortexm/initialize-hardware.o
                                      0xedff8 (size before relaxing)
 .debug_str     0x00000000000f6569       0x46 ./system/src/cmsis/system_stm32f4xx.o
                                      0xee0ba (size before relaxing)
 .debug_str     0x00000000000f65af       0x59 ./system/src/cmsis/vectors_stm32f407xx.o
                                       0x3929 (size before relaxing)
 .debug_str     0x00000000000f6608       0x30 ./src/initialize-hardware.o
                                      0xf1787 (size before relaxing)
 .debug_str     0x00000000000f6638      0x6ff ./src/led.o
                                      0xee57a (size before relaxing)
 .debug_str     0x00000000000f6d37     0x1c27 ./src/main.o
                                      0xf4f05 (size before relaxing)
 .debug_str     0x00000000000f895e       0x3d ./src/stm32f4xx_hal_msp.o
                                      0xedf49 (size before relaxing)
 .debug_str     0x00000000000f899b       0x5a ./src/timer.o
                                      0xee998 (size before relaxing)

.debug_loc      0x0000000000000000     0x264f
 *(.debug_loc)
 .debug_loc     0x0000000000000000      0x130 ./system/src/stm32f4-hal/stm32f4xx_hal.o
 .debug_loc     0x0000000000000130      0x92e ./system/src/stm32f4-hal/stm32f4xx_hal_cortex.o
 .debug_loc     0x0000000000000a5e      0x67f ./system/src/stm32f4-hal/stm32f4xx_hal_gpio.o
 .debug_loc     0x00000000000010dd      0x562 ./system/src/stm32f4-hal/stm32f4xx_hal_rcc.o
 .debug_loc     0x000000000000163f       0x15 ./system/src/newlib/exit.o
 .debug_loc     0x0000000000001654       0x97 ./system/src/newlib/sbrk.o
 .debug_loc     0x00000000000016eb      0x49b ./system/src/newlib/startup.o
 .debug_loc     0x0000000000001b86       0x6f ./system/src/newlib/syscalls.o
 .debug_loc     0x0000000000001bf5      0x194 ./system/src/diag/trace-impl.o
 .debug_loc     0x0000000000001d89      0x118 ./system/src/diag/trace.o
 .debug_loc     0x0000000000001ea1      0x35c ./system/src/cortexm/exception-handlers.o
 .debug_loc     0x00000000000021fd      0x16c ./system/src/cmsis/system_stm32f4xx.o
 .debug_loc     0x0000000000002369       0x64 ./src/initialize-hardware.o
 .debug_loc     0x00000000000023cd       0xba ./src/led.o
 .debug_loc     0x0000000000002487      0x165 ./src/main.o
 .debug_loc     0x00000000000025ec       0x63 ./src/timer.o

.debug_macinfo
 *(.debug_macinfo)

.debug_weaknames
 *(.debug_weaknames)

.debug_funcnames
 *(.debug_funcnames)

.debug_typenames
 *(.debug_typenames)

.debug_varnames
 *(.debug_varnames)
OUTPUT(stm32f4_blinky.elf elf32-littlearm)
LOAD linker stubs

.debug_ranges   0x0000000000000000      0x5b8
 .debug_ranges  0x0000000000000000       0xe0 ./system/src/stm32f4-hal/stm32f4xx_hal.o
 .debug_ranges  0x00000000000000e0      0x128 ./system/src/stm32f4-hal/stm32f4xx_hal_cortex.o
 .debug_ranges  0x0000000000000208       0x48 ./system/src/stm32f4-hal/stm32f4xx_hal_gpio.o
 .debug_ranges  0x0000000000000250       0x90 ./system/src/stm32f4-hal/stm32f4xx_hal_rcc.o
 .debug_ranges  0x00000000000002e0       0x18 ./system/src/newlib/exit.o
 .debug_ranges  0x00000000000002f8       0x10 ./system/src/newlib/sbrk.o
 .debug_ranges  0x0000000000000308       0x78 ./system/src/newlib/startup.o
 .debug_ranges  0x0000000000000380       0x20 ./system/src/newlib/syscalls.o
 .debug_ranges  0x00000000000003a0       0x38 ./system/src/diag/trace-impl.o
 .debug_ranges  0x00000000000003d8       0x28 ./system/src/diag/trace.o
 .debug_ranges  0x0000000000000400       0x98 ./system/src/cortexm/exception-handlers.o
 .debug_ranges  0x0000000000000498       0x18 ./system/src/cortexm/initialize-hardware.o
 .debug_ranges  0x00000000000004b0       0x18 ./system/src/cmsis/system_stm32f4xx.o
 .debug_ranges  0x00000000000004c8       0x10 ./system/src/cmsis/vectors_stm32f407xx.o
 .debug_ranges  0x00000000000004d8       0x20 ./src/initialize-hardware.o
 .debug_ranges  0x00000000000004f8       0x38 ./src/led.o
 .debug_ranges  0x0000000000000530       0x38 ./src/main.o
 .debug_ranges  0x0000000000000568       0x28 ./src/stm32f4xx_hal_msp.o
 .debug_ranges  0x0000000000000590       0x28 ./src/timer.o

.debug_macro    0x0000000000000000    0x2a58b
 .debug_macro   0x0000000000000000      0x40d ./system/src/stm32f4-hal/stm32f4xx_hal.o
 .debug_macro   0x000000000000040d      0xaae ./system/src/stm32f4-hal/stm32f4xx_hal.o
 .debug_macro   0x0000000000000ebb      0x3a2 ./system/src/stm32f4-hal/stm32f4xx_hal.o
 .debug_macro   0x000000000000125d       0x2e ./system/src/stm32f4-hal/stm32f4xx_hal.o
 .debug_macro   0x000000000000128b       0x2f ./system/src/stm32f4-hal/stm32f4xx_hal.o
 .debug_macro   0x00000000000012ba      0x34e ./system/src/stm32f4-hal/stm32f4xx_hal.o
 .debug_macro   0x0000000000001608       0x1c ./system/src/stm32f4-hal/stm32f4xx_hal.o
 .debug_macro   0x0000000000001624       0x22 ./system/src/stm32f4-hal/stm32f4xx_hal.o
 .debug_macro   0x0000000000001646       0xdf ./system/src/stm32f4-hal/stm32f4xx_hal.o
 .debug_macro   0x0000000000001725     0x102d ./system/src/stm32f4-hal/stm32f4xx_hal.o
 .debug_macro   0x0000000000002752      0x11f ./system/src/stm32f4-hal/stm32f4xx_hal.o
 .debug_macro   0x0000000000002871    0x15e3c ./system/src/stm32f4-hal/stm32f4xx_hal.o
 .debug_macro   0x00000000000186ad       0x43 ./system/src/stm32f4-hal/stm32f4xx_hal.o
 .debug_macro   0x00000000000186f0     0x3659 ./system/src/stm32f4-hal/stm32f4xx_hal.o
 .debug_macro   0x000000000001bd49      0x174 ./system/src/stm32f4-hal/stm32f4xx_hal.o
 .debug_macro   0x000000000001bebd       0x5a ./system/src/stm32f4-hal/stm32f4xx_hal.o
 .debug_macro   0x000000000001bf17      0x96b ./system/src/stm32f4-hal/stm32f4xx_hal.o
 .debug_macro   0x000000000001c882      0x9fe ./system/src/stm32f4-hal/stm32f4xx_hal.o
 .debug_macro   0x000000000001d280      0x117 ./system/src/stm32f4-hal/stm32f4xx_hal.o
 .debug_macro   0x000000000001d397      0x13e ./system/src/stm32f4-hal/stm32f4xx_hal.o
 .debug_macro   0x000000000001d4d5       0x27 ./system/src/stm32f4-hal/stm32f4xx_hal.o
 .debug_macro   0x000000000001d4fc      0x174 ./system/src/stm32f4-hal/stm32f4xx_hal.o
 .debug_macro   0x000000000001d670      0x287 ./system/src/stm32f4-hal/stm32f4xx_hal.o
 .debug_macro   0x000000000001d8f7       0x5f ./system/src/stm32f4-hal/stm32f4xx_hal.o
 .debug_macro   0x000000000001d956      0x236 ./system/src/stm32f4-hal/stm32f4xx_hal.o
 .debug_macro   0x000000000001db8c      0x391 ./system/src/stm32f4-hal/stm32f4xx_hal.o
 .debug_macro   0x000000000001df1d      0x176 ./system/src/stm32f4-hal/stm32f4xx_hal.o
 .debug_macro   0x000000000001e093       0xf9 ./system/src/stm32f4-hal/stm32f4xx_hal.o
 .debug_macro   0x000000000001e18c      0x40f ./system/src/stm32f4-hal/stm32f4xx_hal.o
 .debug_macro   0x000000000001e59b       0x22 ./system/src/stm32f4-hal/stm32f4xx_hal.o
 .debug_macro   0x000000000001e5bd       0xea ./system/src/stm32f4-hal/stm32f4xx_hal.o
 .debug_macro   0x000000000001e6a7       0xa0 ./system/src/stm32f4-hal/stm32f4xx_hal.o
 .debug_macro   0x000000000001e747       0x3c ./system/src/stm32f4-hal/stm32f4xx_hal.o
 .debug_macro   0x000000000001e783       0x1f ./system/src/stm32f4-hal/stm32f4xx_hal.o
 .debug_macro   0x000000000001e7a2      0x1d2 ./system/src/stm32f4-hal/stm32f4xx_hal.o
 .debug_macro   0x000000000001e974      0xccf ./system/src/stm32f4-hal/stm32f4xx_hal.o
 .debug_macro   0x000000000001f643      0x12c ./system/src/stm32f4-hal/stm32f4xx_hal.o
 .debug_macro   0x000000000001f76f      0x21e ./system/src/stm32f4-hal/stm32f4xx_hal.o
 .debug_macro   0x000000000001f98d       0x2e ./system/src/stm32f4-hal/stm32f4xx_hal.o
 .debug_macro   0x000000000001f9bb      0x543 ./system/src/stm32f4-hal/stm32f4xx_hal.o
 .debug_macro   0x000000000001fefe       0x88 ./system/src/stm32f4-hal/stm32f4xx_hal.o
 .debug_macro   0x000000000001ff86       0xea ./system/src/stm32f4-hal/stm32f4xx_hal.o
 .debug_macro   0x0000000000020070      0x184 ./system/src/stm32f4-hal/stm32f4xx_hal.o
 .debug_macro   0x00000000000201f4      0x1b5 ./system/src/stm32f4-hal/stm32f4xx_hal.o
 .debug_macro   0x00000000000203a9       0xd6 ./system/src/stm32f4-hal/stm32f4xx_hal.o
 .debug_macro   0x000000000002047f      0x26b ./system/src/stm32f4-hal/stm32f4xx_hal.o
 .debug_macro   0x00000000000206ea      0x1a7 ./system/src/stm32f4-hal/stm32f4xx_hal.o
 .debug_macro   0x0000000000020891       0x46 ./system/src/stm32f4-hal/stm32f4xx_hal.o
 .debug_macro   0x00000000000208d7       0x4a ./system/src/stm32f4-hal/stm32f4xx_hal.o
 .debug_macro   0x0000000000020921       0x78 ./system/src/stm32f4-hal/stm32f4xx_hal.o
 .debug_macro   0x0000000000020999      0x11a ./system/src/stm32f4-hal/stm32f4xx_hal.o
 .debug_macro   0x0000000000020ab3       0x7e ./system/src/stm32f4-hal/stm32f4xx_hal.o
 .debug_macro   0x0000000000020b31       0x89 ./system/src/stm32f4-hal/stm32f4xx_hal.o
 .debug_macro   0x0000000000020bba       0xa4 ./system/src/stm32f4-hal/stm32f4xx_hal.o
 .debug_macro   0x0000000000020c5e      0x31a ./system/src/stm32f4-hal/stm32f4xx_hal.o
 .debug_macro   0x0000000000020f78      0x405 ./system/src/stm32f4-hal/stm32f4xx_hal.o
 .debug_macro   0x000000000002137d       0xe4 ./system/src/stm32f4-hal/stm32f4xx_hal.o
 .debug_macro   0x0000000000021461      0x861 ./system/src/stm32f4-hal/stm32f4xx_hal.o
 .debug_macro   0x0000000000021cc2      0x1d5 ./system/src/stm32f4-hal/stm32f4xx_hal.o
 .debug_macro   0x0000000000021e97      0x225 ./system/src/stm32f4-hal/stm32f4xx_hal.o
 .debug_macro   0x00000000000220bc      0x8a0 ./system/src/stm32f4-hal/stm32f4xx_hal.o
 .debug_macro   0x000000000002295c       0x47 ./system/src/stm32f4-hal/stm32f4xx_hal.o
 .debug_macro   0x00000000000229a3      0x287 ./system/src/stm32f4-hal/stm32f4xx_hal.o
 .debug_macro   0x0000000000022c2a      0x217 ./system/src/stm32f4-hal/stm32f4xx_hal.o
 .debug_macro   0x0000000000022e41      0x1b5 ./system/src/stm32f4-hal/stm32f4xx_hal.o
 .debug_macro   0x0000000000022ff6      0x2db ./system/src/stm32f4-hal/stm32f4xx_hal.o
 .debug_macro   0x00000000000232d1       0x8d ./system/src/stm32f4-hal/stm32f4xx_hal.o
 .debug_macro   0x000000000002335e      0x21e ./system/src/stm32f4-hal/stm32f4xx_hal.o
 .debug_macro   0x000000000002357c       0xba ./system/src/stm32f4-hal/stm32f4xx_hal.o
 .debug_macro   0x0000000000023636       0x6e ./system/src/stm32f4-hal/stm32f4xx_hal.o
 .debug_macro   0x00000000000236a4      0x1e9 ./system/src/stm32f4-hal/stm32f4xx_hal.o
 .debug_macro   0x000000000002388d      0x12d ./system/src/stm32f4-hal/stm32f4xx_hal.o
 .debug_macro   0x00000000000239ba      0x3ad ./system/src/stm32f4-hal/stm32f4xx_hal_cortex.o
 .debug_macro   0x0000000000023d67      0x3e3 ./system/src/stm32f4-hal/stm32f4xx_hal_gpio.o
 .debug_macro   0x000000000002414a      0x3d1 ./system/src/stm32f4-hal/stm32f4xx_hal_rcc.o
 .debug_macro   0x000000000002451b      0x1ae ./system/src/newlib/exit.o
 .debug_macro   0x00000000000246c9      0x163 ./system/src/newlib/sbrk.o
 .debug_macro   0x000000000002482c       0x10 ./system/src/newlib/sbrk.o
 .debug_macro   0x000000000002483c      0x23b ./system/src/newlib/sbrk.o
 .debug_macro   0x0000000000024a77      0x15f ./system/src/newlib/startup.o
 .debug_macro   0x0000000000024bd6      0xab4 ./system/src/newlib/startup.o
 .debug_macro   0x000000000002568a      0x220 ./system/src/newlib/syscalls.o
 .debug_macro   0x00000000000258aa       0x1c ./system/src/newlib/syscalls.o
 .debug_macro   0x00000000000258c6       0x10 ./system/src/newlib/syscalls.o
 .debug_macro   0x00000000000258d6       0x10 ./system/src/newlib/syscalls.o
 .debug_macro   0x00000000000258e6       0x10 ./system/src/newlib/syscalls.o
 .debug_macro   0x00000000000258f6       0x35 ./system/src/newlib/syscalls.o
 .debug_macro   0x000000000002592b      0x12c ./system/src/newlib/syscalls.o
 .debug_macro   0x0000000000025a57       0xce ./system/src/newlib/syscalls.o
 .debug_macro   0x0000000000025b25       0x7c ./system/src/newlib/syscalls.o
 .debug_macro   0x0000000000025ba1       0x17 ./system/src/newlib/syscalls.o
 .debug_macro   0x0000000000025bb8      0x118 ./system/src/newlib/syscalls.o
 .debug_macro   0x0000000000025cd0      0x189 ./system/src/newlib/syscalls.o
 .debug_macro   0x0000000000025e59       0x16 ./system/src/newlib/syscalls.o
 .debug_macro   0x0000000000025e6f      0x50d ./system/src/diag/trace-impl.o
 .debug_macro   0x000000000002637c       0x10 ./system/src/diag/trace-impl.o
 .debug_macro   0x000000000002638c      0x333 ./system/src/diag/trace-impl.o
 .debug_macro   0x00000000000266bf       0x22 ./system/src/diag/trace-impl.o
 .debug_macro   0x00000000000266e1      0x1f5 ./system/src/diag/trace.o
 .debug_macro   0x00000000000268d6       0x16 ./system/src/diag/trace.o
 .debug_macro   0x00000000000268ec       0x97 ./system/src/diag/trace.o
 .debug_macro   0x0000000000026983       0xfd ./system/src/diag/trace.o
 .debug_macro   0x0000000000026a80       0x10 ./system/src/diag/trace.o
 .debug_macro   0x0000000000026a90       0x16 ./system/src/diag/trace.o
 .debug_macro   0x0000000000026aa6      0x16f ./system/src/diag/trace.o
 .debug_macro   0x0000000000026c15       0x4c ./system/src/diag/trace.o
 .debug_macro   0x0000000000026c61       0x16 ./system/src/diag/trace.o
 .debug_macro   0x0000000000026c77      0x56b ./system/src/cortexm/exception-handlers.o
 .debug_macro   0x00000000000271e2       0x10 ./system/src/cortexm/exception-handlers.o
 .debug_macro   0x00000000000271f2      0x3b7 ./system/src/cortexm/initialize-hardware.o
 .debug_macro   0x00000000000275a9      0x3b3 ./system/src/cmsis/system_stm32f4xx.o
 .debug_macro   0x000000000002795c       0x34 ./system/src/cmsis/vectors_stm32f407xx.o
 .debug_macro   0x0000000000027990      0x4f2 ./src/initialize-hardware.o
 .debug_macro   0x0000000000027e82      0x3c9 ./src/led.o
 .debug_macro   0x000000000002824b     0x102d ./src/led.o
 .debug_macro   0x0000000000029278      0x17b ./src/led.o
 .debug_macro   0x00000000000293f3      0x612 ./src/main.o
 .debug_macro   0x0000000000029a05       0x97 ./src/main.o
 .debug_macro   0x0000000000029a9c      0x104 ./src/main.o
 .debug_macro   0x0000000000029ba0      0x137 ./src/main.o
 .debug_macro   0x0000000000029cd7       0xd9 ./src/main.o
 .debug_macro   0x0000000000029db0       0x54 ./src/main.o
 .debug_macro   0x0000000000029e04      0x3ad ./src/stm32f4xx_hal_msp.o
 .debug_macro   0x000000000002a1b1      0x3ca ./src/timer.o
 .debug_macro   0x000000000002a57b       0x10 ./src/timer.o
